// Jest Snapshot v1, https://goo.gl/fbAQLP

exports[`Chechk header component using Shallow snapshot method 1`] = `
<header
  className="header"
>
  <div
    className="content-container"
  >
    <div
      className="header__content"
    >
      <Link
        className="header__title"
        to="/dashboard"
      >
        <h1>
          Expensify
        </h1>
      </Link>
      <br />
      <button
        className="button button--link"
        onClick={Object {}}
      >
        LogOut
      </button>
    </div>
  </div>
</header>
`;
